[0.005s][info][gc] Using Serial
[8.572s][info][gc] GC(0) Pause Young (Allocation Failure) 4M->1M(15M) 2.309ms
[8.580s][info][gc] GC(1) Pause Young (Allocation Failure) 6M->2M(15M) 1.188ms
[8.584s][info][gc] GC(2) Pause Young (Allocation Failure) 6M->2M(15M) 0.139ms
[8.587s][info][gc] GC(3) Pause Young (Allocation Failure) 6M->2M(15M) 0.117ms
[8.590s][info][gc] GC(4) Pause Young (Allocation Failure) 6M->2M(15M) 0.133ms
[8.593s][info][gc] GC(5) Pause Young (Allocation Failure) 6M->2M(15M) 0.117ms
[8.597s][info][gc] GC(6) Pause Young (Allocation Failure) 6M->2M(15M) 0.127ms
[8.600s][info][gc] GC(7) Pause Young (Allocation Failure) 6M->2M(15M) 0.123ms
[8.603s][info][gc] GC(8) Pause Young (Allocation Failure) 6M->2M(15M) 0.128ms
[8.612s][info][gc] GC(9) Pause Young (Allocation Failure) 6M->2M(15M) 0.141ms
[8.613s][info][gc] GC(10) Pause Young (Allocation Failure) 6M->2M(15M) 0.134ms
[8.615s][info][gc] GC(11) Pause Young (Allocation Failure) 6M->2M(15M) 0.134ms
[8.616s][info][gc] GC(12) Pause Young (Allocation Failure) 6M->2M(15M) 0.139ms
[8.619s][info][gc] GC(13) Pause Young (Allocation Failure) 6M->2M(15M) 0.147ms
[8.620s][info][gc] GC(14) Pause Young (Allocation Failure) 6M->2M(15M) 0.167ms
[11.404s][info][gc] GC(15) Pause Young (Allocation Failure) 6M->2M(15M) 0.565ms
[11.406s][info][gc] GC(16) Pause Young (Allocation Failure) 7M->3M(15M) 0.574ms
[11.407s][info][gc] GC(17) Pause Young (Allocation Failure) 8M->5M(15M) 0.671ms
[11.408s][info][gc] GC(18) Pause Young (Allocation Failure) 9M->5M(15M) 0.287ms
[11.409s][info][gc] GC(19) Pause Young (Allocation Failure) 9M->9M(15M) 1.091ms
[11.410s][info][gc] GC(20) Pause Young (Allocation Failure) 13M->13M(15M) 0.022ms
[11.413s][info][gc] GC(21) Pause Full (Allocation Failure) 13M->6M(15M) 3.077ms
[11.414s][info][gc] GC(22) Pause Young (Allocation Failure) 10M->6M(15M) 0.122ms
